// Jest Snapshot v1, https://goo.gl/fbAQLP

exports[`AddCardComp renders correctly 1`] = `
<div>
  <div>
    <p>
      Add a Deck
    </p>
    <button
      onClick={[Function]}
      type="button"
    >
      Add Deck
    </button>
  </div>
</div>
`;
