// Jest Snapshot v1, https://goo.gl/fbAQLP

exports[`snapshot of UI renders consistently 1`] = `
<div>
  <p>
    DeleteDeckComp
  </p>
</div>
`;
