// Jest Snapshot v1, https://goo.gl/fbAQLP

exports[`snapshot of UI renders consistently 1`] = `
<div
  className="EditDeckComp"
>
  <p>
    EditDeckComp is coming soon
  </p>
</div>
`;
