// Jest Snapshot v1, https://goo.gl/fbAQLP

exports[`snapshot of UI renders consistently 1`] = `
<div
  className="FlashcardInfoComp"
>
  <div
    className="ActionBar ActionBarComp"
  >
    <img
      alt="logo"
      className="AppLogo NavImg NavBtn"
      src="logo_FFFFFF.png"
    />
    <span
      className="HeaderText"
    >
      Info
    </span>
  </div>
  <p>
    FlashcardInfo coming soon
  </p>
</div>
`;
