// Jest Snapshot v1, https://goo.gl/fbAQLP

exports[`snapshot of UI renders consistently 1`] = `
<div
  className="FlashcardChartComp"
>
  <p>
    FlashcardChartComp coming soon
  </p>
</div>
`;
