// Jest Snapshot v1, https://goo.gl/fbAQLP

exports[`FlashcardComp renders correctly 1`] = `
<div>
  <div
    className="WorkArea"
  >
    <div>
      <div
        className="ActionBar"
      >
        <img
          alt="logo"
          className="NavImg NavBtn"
          src="logo_FFFFFF.png"
        />
        <button
          className="NavBtn"
          onClick={[Function]}
          type="button"
        >
          <img
            alt="Add"
            className="NavImg"
            src="add_FFFFFF.png"
          />
        </button>
        <span
          className="HeaderText"
        >
          Decks
        </span>
        <button
          className="NavBtn"
          onClick={[Function]}
          type="button"
        >
          <img
            alt="Back"
            className="NavImg"
            src="back_FFFFFF.png"
          />
        </button>
      </div>
      <div>
        <div
          className="AppList"
        />
      </div>
    </div>
  </div>
  <div
    className="NavBar"
  >
    <button
      className="NavBtn"
      type="button"
    >
      <img
        alt="Add"
        className="NavImg"
        src="decks_FFFFFF.png"
      />
    </button>
    <button
      className="NavBtn"
      onClick={[Function]}
      type="button"
    >
      <img
        alt="Add"
        className="NavImg"
        src="listOff_FFFFFF.png"
      />
    </button>
    <button
      className="NavBtn"
      onClick={[Function]}
      type="button"
    >
      <img
        alt="Add"
        className="NavImg"
        src="chartOff_FFFFFF.png"
      />
    </button>
    <button
      className="NavBtn"
      onClick={[Function]}
      type="button"
    >
      <img
        alt="Add"
        className="NavImg"
        src="settingsOff_FFFFFF.png"
      />
    </button>
    <button
      className="NavBtn"
      onClick={[Function]}
      type="button"
    >
      <img
        alt="Add"
        className="NavImg"
        src="infoOff_FFFFFF.png"
      />
    </button>
  </div>
</div>
`;
